Archive member included to satisfy reference by file (symbol)

c:/st/stm32cubeide_1.5.0/stm32cubeide/plugins/com.st.stm32cube.ide.mcu.externaltools.gnu-tools-for-stm32.7-2018-q2-update.win32_1.5.0.202011040924/tools/bin/../lib/gcc/arm-none-eabi/7.3.1/../../../../arm-none-eabi/lib/thumb/v7e-m/fpv4-sp/hard\libc_nano.a(lib_a-exit.o)
                              c:/st/stm32cubeide_1.5.0/stm32cubeide/plugins/com.st.stm32cube.ide.mcu.externaltools.gnu-tools-for-stm32.7-2018-q2-update.win32_1.5.0.202011040924/tools/bin/../lib/gcc/arm-none-eabi/7.3.1/../../../../arm-none-eabi/lib/thumb/v7e-m/fpv4-sp/hard/crt0.o (exit)
c:/st/stm32cubeide_1.5.0/stm32cubeide/plugins/com.st.stm32cube.ide.mcu.externaltools.gnu-tools-for-stm32.7-2018-q2-update.win32_1.5.0.202011040924/tools/bin/../lib/gcc/arm-none-eabi/7.3.1/../../../../arm-none-eabi/lib/thumb/v7e-m/fpv4-sp/hard\libc_nano.a(lib_a-impure.o)
                              c:/st/stm32cubeide_1.5.0/stm32cubeide/plugins/com.st.stm32cube.ide.mcu.externaltools.gnu-tools-for-stm32.7-2018-q2-update.win32_1.5.0.202011040924/tools/bin/../lib/gcc/arm-none-eabi/7.3.1/../../../../arm-none-eabi/lib/thumb/v7e-m/fpv4-sp/hard\libc_nano.a(lib_a-exit.o) (_global_impure_ptr)
c:/st/stm32cubeide_1.5.0/stm32cubeide/plugins/com.st.stm32cube.ide.mcu.externaltools.gnu-tools-for-stm32.7-2018-q2-update.win32_1.5.0.202011040924/tools/bin/../lib/gcc/arm-none-eabi/7.3.1/../../../../arm-none-eabi/lib/thumb/v7e-m/fpv4-sp/hard\libc_nano.a(lib_a-init.o)
                              c:/st/stm32cubeide_1.5.0/stm32cubeide/plugins/com.st.stm32cube.ide.mcu.externaltools.gnu-tools-for-stm32.7-2018-q2-update.win32_1.5.0.202011040924/tools/bin/../lib/gcc/arm-none-eabi/7.3.1/../../../../arm-none-eabi/lib/thumb/v7e-m/fpv4-sp/hard/crt0.o (__libc_init_array)
c:/st/stm32cubeide_1.5.0/stm32cubeide/plugins/com.st.stm32cube.ide.mcu.externaltools.gnu-tools-for-stm32.7-2018-q2-update.win32_1.5.0.202011040924/tools/bin/../lib/gcc/arm-none-eabi/7.3.1/../../../../arm-none-eabi/lib/thumb/v7e-m/fpv4-sp/hard\libc_nano.a(lib_a-memset.o)
                              c:/st/stm32cubeide_1.5.0/stm32cubeide/plugins/com.st.stm32cube.ide.mcu.externaltools.gnu-tools-for-stm32.7-2018-q2-update.win32_1.5.0.202011040924/tools/bin/../lib/gcc/arm-none-eabi/7.3.1/../../../../arm-none-eabi/lib/thumb/v7e-m/fpv4-sp/hard/crt0.o (memset)
c:/st/stm32cubeide_1.5.0/stm32cubeide/plugins/com.st.stm32cube.ide.mcu.externaltools.gnu-tools-for-stm32.7-2018-q2-update.win32_1.5.0.202011040924/tools/bin/../lib/gcc/arm-none-eabi/7.3.1/thumb/v7e-m/fpv4-sp/hard\libgcc.a(_aeabi_uldivmod.o)
                              Drivers/STM32F4xx_HAL_Driver/Src/stm32f4xx_hal_rcc.o (__aeabi_uldivmod)
c:/st/stm32cubeide_1.5.0/stm32cubeide/plugins/com.st.stm32cube.ide.mcu.externaltools.gnu-tools-for-stm32.7-2018-q2-update.win32_1.5.0.202011040924/tools/bin/../lib/gcc/arm-none-eabi/7.3.1/thumb/v7e-m/fpv4-sp/hard\libgcc.a(_udivmoddi4.o)
                              c:/st/stm32cubeide_1.5.0/stm32cubeide/plugins/com.st.stm32cube.ide.mcu.externaltools.gnu-tools-for-stm32.7-2018-q2-update.win32_1.5.0.202011040924/tools/bin/../lib/gcc/arm-none-eabi/7.3.1/thumb/v7e-m/fpv4-sp/hard\libgcc.a(_aeabi_uldivmod.o) (__udivmoddi4)
c:/st/stm32cubeide_1.5.0/stm32cubeide/plugins/com.st.stm32cube.ide.mcu.externaltools.gnu-tools-for-stm32.7-2018-q2-update.win32_1.5.0.202011040924/tools/bin/../lib/gcc/arm-none-eabi/7.3.1/thumb/v7e-m/fpv4-sp/hard\libgcc.a(_dvmd_tls.o)
                              c:/st/stm32cubeide_1.5.0/stm32cubeide/plugins/com.st.stm32cube.ide.mcu.externaltools.gnu-tools-for-stm32.7-2018-q2-update.win32_1.5.0.202011040924/tools/bin/../lib/gcc/arm-none-eabi/7.3.1/thumb/v7e-m/fpv4-sp/hard\libgcc.a(_aeabi_uldivmod.o) (__aeabi_ldiv0)
c:/st/stm32cubeide_1.5.0/stm32cubeide/plugins/com.st.stm32cube.ide.mcu.externaltools.gnu-tools-for-stm32.7-2018-q2-update.win32_1.5.0.202011040924/tools/bin/../lib/gcc/arm-none-eabi/7.3.1/../../../../arm-none-eabi/lib/thumb/v7e-m/fpv4-sp/hard\libnosys.a(_exit.o)
                              c:/st/stm32cubeide_1.5.0/stm32cubeide/plugins/com.st.stm32cube.ide.mcu.externaltools.gnu-tools-for-stm32.7-2018-q2-update.win32_1.5.0.202011040924/tools/bin/../lib/gcc/arm-none-eabi/7.3.1/../../../../arm-none-eabi/lib/thumb/v7e-m/fpv4-sp/hard\libc_nano.a(lib_a-exit.o) (_exit)

Allocating common symbols
Common symbol       size              file

my_rxBuffer         0xd               Core/Src/daly-bms-uart.o
uwTick              0x4               Drivers/STM32F4xx_HAL_Driver/Src/stm32f4xx_hal.o
pFlash              0x20              Drivers/STM32F4xx_HAL_Driver/Src/stm32f4xx_hal_flash.o
my_txBuffer         0xd               Core/Src/daly-bms-uart.o
huart2              0x40              Core/Src/main.o

Discarded input sections

[...]
Memory Configuration

Name             Origin             Length             Attributes
RAM              0x0000000020000000 0x0000000000020000 xrw
FLASH            0x0000000008000000 0x0000000000080000 xr
*default*        0x0000000000000000 0xffffffffffffffff

Linker script and memory map

LOAD c:/st/stm32cubeide_1.5.0/stm32cubeide/plugins/com.st.stm32cube.ide.mcu.externaltools.gnu-tools-for-stm32.7-2018-q2-update.win32_1.5.0.202011040924/tools/bin/../lib/gcc/arm-none-eabi/7.3.1/thumb/v7e-m/fpv4-sp/hard/crti.o
LOAD c:/st/stm32cubeide_1.5.0/stm32cubeide/plugins/com.st.stm32cube.ide.mcu.externaltools.gnu-tools-for-stm32.7-2018-q2-update.win32_1.5.0.202011040924/tools/bin/../lib/gcc/arm-none-eabi/7.3.1/thumb/v7e-m/fpv4-sp/hard/crtbegin.o
LOAD c:/st/stm32cubeide_1.5.0/stm32cubeide/plugins/com.st.stm32cube.ide.mcu.externaltools.gnu-tools-for-stm32.7-2018-q2-update.win32_1.5.0.202011040924/tools/bin/../lib/gcc/arm-none-eabi/7.3.1/../../../../arm-none-eabi/lib/thumb/v7e-m/fpv4-sp/hard/crt0.o
LOAD Core/Src/daly-bms-uart.o
LOAD Core/Src/it.o
LOAD Core/Src/main.o
LOAD Core/Src/msp.o
LOAD Core/Src/system_stm32f4xx.o
LOAD Core/Startup/startup_stm32f411retx.o
LOAD Drivers/STM32F4xx_HAL_Driver/Src/stm32f4xx_hal.o
LOAD Drivers/STM32F4xx_HAL_Driver/Src/stm32f4xx_hal_cortex.o
LOAD Drivers/STM32F4xx_HAL_Driver/Src/stm32f4xx_hal_dma.o
LOAD Drivers/STM32F4xx_HAL_Driver/Src/stm32f4xx_hal_dma_ex.o
LOAD Drivers/STM32F4xx_HAL_Driver/Src/stm32f4xx_hal_exti.o
LOAD Drivers/STM32F4xx_HAL_Driver/Src/stm32f4xx_hal_flash.o
LOAD Drivers/STM32F4xx_HAL_Driver/Src/stm32f4xx_hal_flash_ex.o
LOAD Drivers/STM32F4xx_HAL_Driver/Src/stm32f4xx_hal_flash_ramfunc.o
LOAD Drivers/STM32F4xx_HAL_Driver/Src/stm32f4xx_hal_gpio.o
LOAD Drivers/STM32F4xx_HAL_Driver/Src/stm32f4xx_hal_pwr.o
LOAD Drivers/STM32F4xx_HAL_Driver/Src/stm32f4xx_hal_pwr_ex.o
LOAD Drivers/STM32F4xx_HAL_Driver/Src/stm32f4xx_hal_rcc.o
LOAD Drivers/STM32F4xx_HAL_Driver/Src/stm32f4xx_hal_rcc_ex.o
LOAD Drivers/STM32F4xx_HAL_Driver/Src/stm32f4xx_hal_tim.o
LOAD Drivers/STM32F4xx_HAL_Driver/Src/stm32f4xx_hal_tim_ex.o
LOAD Drivers/STM32F4xx_HAL_Driver/Src/stm32f4xx_hal_uart.o
START GROUP
LOAD c:/st/stm32cubeide_1.5.0/stm32cubeide/plugins/com.st.stm32cube.ide.mcu.externaltools.gnu-tools-for-stm32.7-2018-q2-update.win32_1.5.0.202011040924/tools/bin/../lib/gcc/arm-none-eabi/7.3.1/../../../../arm-none-eabi/lib/thumb/v7e-m/fpv4-sp/hard\libc_nano.a
LOAD c:/st/stm32cubeide_1.5.0/stm32cubeide/plugins/com.st.stm32cube.ide.mcu.externaltools.gnu-tools-for-stm32.7-2018-q2-update.win32_1.5.0.202011040924/tools/bin/../lib/gcc/arm-none-eabi/7.3.1/../../../../arm-none-eabi/lib/thumb/v7e-m/fpv4-sp/hard\libm.a
END GROUP
START GROUP
LOAD c:/st/stm32cubeide_1.5.0/stm32cubeide/plugins/com.st.stm32cube.ide.mcu.externaltools.gnu-tools-for-stm32.7-2018-q2-update.win32_1.5.0.202011040924/tools/bin/../lib/gcc/arm-none-eabi/7.3.1/thumb/v7e-m/fpv4-sp/hard\libgcc.a
LOAD c:/st/stm32cubeide_1.5.0/stm32cubeide/plugins/com.st.stm32cube.ide.mcu.externaltools.gnu-tools-for-stm32.7-2018-q2-update.win32_1.5.0.202011040924/tools/bin/../lib/gcc/arm-none-eabi/7.3.1/../../../../arm-none-eabi/lib/thumb/v7e-m/fpv4-sp/hard\libc_nano.a
END GROUP
START GROUP
LOAD c:/st/stm32cubeide_1.5.0/stm32cubeide/plugins/com.st.stm32cube.ide.mcu.externaltools.gnu-tools-for-stm32.7-2018-q2-update.win32_1.5.0.202011040924/tools/bin/../lib/gcc/arm-none-eabi/7.3.1/thumb/v7e-m/fpv4-sp/hard\libgcc.a
LOAD c:/st/stm32cubeide_1.5.0/stm32cubeide/plugins/com.st.stm32cube.ide.mcu.externaltools.gnu-tools-for-stm32.7-2018-q2-update.win32_1.5.0.202011040924/tools/bin/../lib/gcc/arm-none-eabi/7.3.1/../../../../arm-none-eabi/lib/thumb/v7e-m/fpv4-sp/hard\libc_nano.a
LOAD c:/st/stm32cubeide_1.5.0/stm32cubeide/plugins/com.st.stm32cube.ide.mcu.externaltools.gnu-tools-for-stm32.7-2018-q2-update.win32_1.5.0.202011040924/tools/bin/../lib/gcc/arm-none-eabi/7.3.1/../../../../arm-none-eabi/lib/thumb/v7e-m/fpv4-sp/hard\libnosys.a
END GROUP
START GROUP
LOAD c:/st/stm32cubeide_1.5.0/stm32cubeide/plugins/com.st.stm32cube.ide.mcu.externaltools.gnu-tools-for-stm32.7-2018-q2-update.win32_1.5.0.202011040924/tools/bin/../lib/gcc/arm-none-eabi/7.3.1/thumb/v7e-m/fpv4-sp/hard\libgcc.a
LOAD c:/st/stm32cubeide_1.5.0/stm32cubeide/plugins/com.st.stm32cube.ide.mcu.externaltools.gnu-tools-for-stm32.7-2018-q2-update.win32_1.5.0.202011040924/tools/bin/../lib/gcc/arm-none-eabi/7.3.1/../../../../arm-none-eabi/lib/thumb/v7e-m/fpv4-sp/hard\libc_nano.a
LOAD c:/st/stm32cubeide_1.5.0/stm32cubeide/plugins/com.st.stm32cube.ide.mcu.externaltools.gnu-tools-for-stm32.7-2018-q2-update.win32_1.5.0.202011040924/tools/bin/../lib/gcc/arm-none-eabi/7.3.1/../../../../arm-none-eabi/lib/thumb/v7e-m/fpv4-sp/hard\libnosys.a
END GROUP
LOAD c:/st/stm32cubeide_1.5.0/stm32cubeide/plugins/com.st.stm32cube.ide.mcu.externaltools.gnu-tools-for-stm32.7-2018-q2-update.win32_1.5.0.202011040924/tools/bin/../lib/gcc/arm-none-eabi/7.3.1/thumb/v7e-m/fpv4-sp/hard/crtend.o
LOAD c:/st/stm32cubeide_1.5.0/stm32cubeide/plugins/com.st.stm32cube.ide.mcu.externaltools.gnu-tools-for-stm32.7-2018-q2-update.win32_1.5.0.202011040924/tools/bin/../lib/gcc/arm-none-eabi/7.3.1/thumb/v7e-m/fpv4-sp/hard/crtn.o
                0x0000000020020000                _estack = (ORIGIN (RAM) + LENGTH (RAM))
                0x0000000000000200                _Min_Heap_Size = 0x200
                0x0000000000000400                _Min_Stack_Size = 0x400

.isr_vector     0x0000000008000000      0x198
                0x0000000008000000                . = ALIGN (0x4)
 *(.isr_vector)
 .isr_vector    0x0000000008000000      0x198 Core/Startup/startup_stm32f411retx.o
                0x0000000008000000                g_pfnVectors
                0x0000000008000198                . = ALIGN (0x4)

.text           0x0000000008000198     0x18b8
                0x0000000008000198                . = ALIGN (0x4)
 *(.text)
 .text          0x0000000008000198       0x40 c:/st/stm32cubeide_1.5.0/stm32cubeide/plugins/com.st.stm32cube.ide.mcu.externaltools.gnu-tools-for-stm32.7-2018-q2-update.win32_1.5.0.202011040924/tools/bin/../lib/gcc/arm-none-eabi/7.3.1/thumb/v7e-m/fpv4-sp/hard/crtbegin.o
 .text          0x00000000080001d8       0x30 c:/st/stm32cubeide_1.5.0/stm32cubeide/plugins/com.st.stm32cube.ide.mcu.externaltools.gnu-tools-for-stm32.7-2018-q2-update.win32_1.5.0.202011040924/tools/bin/../lib/gcc/arm-none-eabi/7.3.1/thumb/v7e-m/fpv4-sp/hard\libgcc.a(_aeabi_uldivmod.o)
                0x00000000080001d8                __aeabi_uldivmod
 .text          0x0000000008000208      0x2cc c:/st/stm32cubeide_1.5.0/stm32cubeide/plugins/com.st.stm32cube.ide.mcu.externaltools.gnu-tools-for-stm32.7-2018-q2-update.win32_1.5.0.202011040924/tools/bin/../lib/gcc/arm-none-eabi/7.3.1/thumb/v7e-m/fpv4-sp/hard\libgcc.a(_udivmoddi4.o)
                0x0000000008000208                __udivmoddi4
 .text          0x00000000080004d4        0x4 c:/st/stm32cubeide_1.5.0/stm32cubeide/plugins/com.st.stm32cube.ide.mcu.externaltools.gnu-tools-for-stm32.7-2018-q2-update.win32_1.5.0.202011040924/tools/bin/../lib/gcc/arm-none-eabi/7.3.1/thumb/v7e-m/fpv4-sp/hard\libgcc.a(_dvmd_tls.o)
                0x00000000080004d4                __aeabi_idiv0
                0x00000000080004d4                __aeabi_ldiv0
 *(.text*)
 .text.Daly_BMS_UART_Init
                0x00000000080004d8       0x48 Core/Src/daly-bms-uart.o
                0x00000000080004d8                Daly_BMS_UART_Init
 .text.sendCommand
                0x0000000008000520       0x38 Core/Src/daly-bms-uart.o
                0x0000000008000520                sendCommand
 .text.receiveBytes
                0x0000000008000558       0x28 Core/Src/daly-bms-uart.o
                0x0000000008000558                receiveBytes
 .text.getPackMeasurements
                0x0000000008000580       0x90 Core/Src/daly-bms-uart.o
                0x0000000008000580                getPackMeasurements
 .text.getMinMaxCellVoltage
                0x0000000008000610       0x7c Core/Src/daly-bms-uart.o
                0x0000000008000610                getMinMaxCellVoltage
 .text.SysTick_Handler
                0x000000000800068c       0x10 Core/Src/it.o
                0x000000000800068c                SysTick_Handler
 .text.main     0x000000000800069c       0x5e Core/Src/main.o
                0x000000000800069c                main
 .text.SystemClockConfig
                0x00000000080006fa        0xe Core/Src/main.o
                0x00000000080006fa                SystemClockConfig
 .text.UART2_Init
                0x0000000008000708       0x4c Core/Src/main.o
                0x0000000008000708                UART2_Init
 .text.Error_handler
                0x0000000008000754        0x6 Core/Src/main.o
                0x0000000008000754                Error_handler
 *fill*         0x000000000800075a        0x2 
 .text.HAL_MspInit
                0x000000000800075c       0x44 Core/Src/msp.o
                0x000000000800075c                HAL_MspInit
 .text.HAL_UART_MspInit
                0x00000000080007a0       0x90 Core/Src/msp.o
                0x00000000080007a0                HAL_UART_MspInit
 .text.SystemInit
                0x0000000008000830       0x2c Core/Src/system_stm32f4xx.o
                0x0000000008000830                SystemInit
 .text.Reset_Handler
                0x000000000800085c       0x50 Core/Startup/startup_stm32f411retx.o
                0x000000000800085c                Reset_Handler
 .text.Default_Handler
                0x00000000080008ac        0x2 Core/Startup/startup_stm32f411retx.o
                0x00000000080008ac                RTC_Alarm_IRQHandler
                0x00000000080008ac                EXTI2_IRQHandler
                0x00000000080008ac                DebugMon_Handler
                0x00000000080008ac                SPI4_IRQHandler
                0x00000000080008ac                TIM1_CC_IRQHandler
                0x00000000080008ac                DMA2_Stream5_IRQHandler
                0x00000000080008ac                HardFault_Handler
                0x00000000080008ac                DMA1_Stream5_IRQHandler
                0x00000000080008ac                PVD_IRQHandler
                0x00000000080008ac                SDIO_IRQHandler
                0x00000000080008ac                TAMP_STAMP_IRQHandler
                0x00000000080008ac                PendSV_Handler
                0x00000000080008ac                NMI_Handler
                0x00000000080008ac                EXTI3_IRQHandler
                0x00000000080008ac                TIM1_UP_TIM10_IRQHandler
                0x00000000080008ac                I2C3_ER_IRQHandler
                0x00000000080008ac                EXTI0_IRQHandler
                0x00000000080008ac                I2C2_EV_IRQHandler
                0x00000000080008ac                DMA1_Stream2_IRQHandler
                0x00000000080008ac                FPU_IRQHandler
                0x00000000080008ac                UsageFault_Handler
                0x00000000080008ac                DMA2_Stream2_IRQHandler
                0x00000000080008ac                SPI1_IRQHandler
                0x00000000080008ac                TIM1_BRK_TIM9_IRQHandler
                0x00000000080008ac                DMA2_Stream3_IRQHandler
                0x00000000080008ac                USART6_IRQHandler
                0x00000000080008ac                DMA2_Stream0_IRQHandler
                0x00000000080008ac                TIM4_IRQHandler
                0x00000000080008ac                I2C1_EV_IRQHandler
                0x00000000080008ac                DMA1_Stream6_IRQHandler
                0x00000000080008ac                DMA1_Stream1_IRQHandler
                0x00000000080008ac                TIM3_IRQHandler
                0x00000000080008ac                RCC_IRQHandler
                0x00000000080008ac                Default_Handler
                0x00000000080008ac                EXTI15_10_IRQHandler
                0x00000000080008ac                ADC_IRQHandler
                0x00000000080008ac                DMA1_Stream7_IRQHandler
                0x00000000080008ac                SPI5_IRQHandler
                0x00000000080008ac                TIM5_IRQHandler
                0x00000000080008ac                DMA2_Stream7_IRQHandler
                0x00000000080008ac                I2C3_EV_IRQHandler
                0x00000000080008ac                EXTI9_5_IRQHandler
                0x00000000080008ac                RTC_WKUP_IRQHandler
                0x00000000080008ac                SPI2_IRQHandler
                0x00000000080008ac                MemManage_Handler
                0x00000000080008ac                DMA1_Stream0_IRQHandler
                0x00000000080008ac                SVC_Handler
                0x00000000080008ac                EXTI4_IRQHandler
                0x00000000080008ac                WWDG_IRQHandler
                0x00000000080008ac                TIM2_IRQHandler
                0x00000000080008ac                OTG_FS_WKUP_IRQHandler
                0x00000000080008ac                TIM1_TRG_COM_TIM11_IRQHandler
                0x00000000080008ac                EXTI1_IRQHandler
                0x00000000080008ac                USART2_IRQHandler
                0x00000000080008ac                I2C2_ER_IRQHandler
                0x00000000080008ac                DMA2_Stream1_IRQHandler
                0x00000000080008ac                FLASH_IRQHandler
                0x00000000080008ac                DMA2_Stream4_IRQHandler
                0x00000000080008ac                BusFault_Handler
                0x00000000080008ac                USART1_IRQHandler
                0x00000000080008ac                OTG_FS_IRQHandler
                0x00000000080008ac                SPI3_IRQHandler
                0x00000000080008ac                DMA1_Stream4_IRQHandler
                0x00000000080008ac                I2C1_ER_IRQHandler
                0x00000000080008ac                DMA2_Stream6_IRQHandler
                0x00000000080008ac                DMA1_Stream3_IRQHandler
 *fill*         0x00000000080008ae        0x2 
 .text.HAL_Init
                0x00000000080008b0       0x44 Drivers/STM32F4xx_HAL_Driver/Src/stm32f4xx_hal.o
                0x00000000080008b0                HAL_Init
 .text.HAL_InitTick
                0x00000000080008f4       0x60 Drivers/STM32F4xx_HAL_Driver/Src/stm32f4xx_hal.o
                0x00000000080008f4                HAL_InitTick
 .text.HAL_IncTick
                0x0000000008000954       0x28 Drivers/STM32F4xx_HAL_Driver/Src/stm32f4xx_hal.o
                0x0000000008000954                HAL_IncTick
 .text.HAL_GetTick
                0x000000000800097c       0x18 Drivers/STM32F4xx_HAL_Driver/Src/stm32f4xx_hal.o
                0x000000000800097c                HAL_GetTick
 .text.__NVIC_SetPriorityGrouping
                0x0000000008000994       0x48 Drivers/STM32F4xx_HAL_Driver/Src/stm32f4xx_hal_cortex.o
 .text.__NVIC_GetPriorityGrouping
                0x00000000080009dc       0x1c Drivers/STM32F4xx_HAL_Driver/Src/stm32f4xx_hal_cortex.o
 .text.__NVIC_EnableIRQ
                0x00000000080009f8       0x3c Drivers/STM32F4xx_HAL_Driver/Src/stm32f4xx_hal_cortex.o
 .text.__NVIC_SetPriority
                0x0000000008000a34       0x54 Drivers/STM32F4xx_HAL_Driver/Src/stm32f4xx_hal_cortex.o
 .text.NVIC_EncodePriority
                0x0000000008000a88       0x66 Drivers/STM32F4xx_HAL_Driver/Src/stm32f4xx_hal_cortex.o
 *fill*         0x0000000008000aee        0x2 
 .text.SysTick_Config
                0x0000000008000af0       0x44 Drivers/STM32F4xx_HAL_Driver/Src/stm32f4xx_hal_cortex.o
 .text.HAL_NVIC_SetPriorityGrouping
                0x0000000008000b34       0x16 Drivers/STM32F4xx_HAL_Driver/Src/stm32f4xx_hal_cortex.o
                0x0000000008000b34                HAL_NVIC_SetPriorityGrouping
 .text.HAL_NVIC_SetPriority
                0x0000000008000b4a       0x38 Drivers/STM32F4xx_HAL_Driver/Src/stm32f4xx_hal_cortex.o
                0x0000000008000b4a                HAL_NVIC_SetPriority
 .text.HAL_NVIC_EnableIRQ
                0x0000000008000b82       0x1c Drivers/STM32F4xx_HAL_Driver/Src/stm32f4xx_hal_cortex.o
                0x0000000008000b82                HAL_NVIC_EnableIRQ
 .text.HAL_SYSTICK_Config
                0x0000000008000b9e       0x18 Drivers/STM32F4xx_HAL_Driver/Src/stm32f4xx_hal_cortex.o
                0x0000000008000b9e                HAL_SYSTICK_Config
 .text.HAL_SYSTICK_IRQHandler
                0x0000000008000bb6        0xc Drivers/STM32F4xx_HAL_Driver/Src/stm32f4xx_hal_cortex.o
                0x0000000008000bb6                HAL_SYSTICK_IRQHandler
 .text.HAL_SYSTICK_Callback
                0x0000000008000bc2        0xe Drivers/STM32F4xx_HAL_Driver/Src/stm32f4xx_hal_cortex.o
                0x0000000008000bc2                HAL_SYSTICK_Callback
 .text.HAL_GPIO_Init
                0x0000000008000bd0      0x304 Drivers/STM32F4xx_HAL_Driver/Src/stm32f4xx_hal_gpio.o
                0x0000000008000bd0                HAL_GPIO_Init
 .text.HAL_RCC_GetHCLKFreq
                0x0000000008000ed4       0x18 Drivers/STM32F4xx_HAL_Driver/Src/stm32f4xx_hal_rcc.o
                0x0000000008000ed4                HAL_RCC_GetHCLKFreq
 .text.HAL_RCC_GetPCLK1Freq
                0x0000000008000eec       0x28 Drivers/STM32F4xx_HAL_Driver/Src/stm32f4xx_hal_rcc.o
                0x0000000008000eec                HAL_RCC_GetPCLK1Freq
 .text.HAL_RCC_GetPCLK2Freq
                0x0000000008000f14       0x28 Drivers/STM32F4xx_HAL_Driver/Src/stm32f4xx_hal_rcc.o
                0x0000000008000f14                HAL_RCC_GetPCLK2Freq
 .text.HAL_UART_Init
                0x0000000008000f3c       0x9a Drivers/STM32F4xx_HAL_Driver/Src/stm32f4xx_hal_uart.o
                0x0000000008000f3c                HAL_UART_Init
 .text.HAL_UART_Transmit
                0x0000000008000fd6      0x132 Drivers/STM32F4xx_HAL_Driver/Src/stm32f4xx_hal_uart.o
                0x0000000008000fd6                HAL_UART_Transmit
 .text.HAL_UART_Receive
                0x0000000008001108      0x14c Drivers/STM32F4xx_HAL_Driver/Src/stm32f4xx_hal_uart.o
                0x0000000008001108                HAL_UART_Receive
 .text.UART_WaitOnFlagUntilTimeout
                0x0000000008001254       0x94 Drivers/STM32F4xx_HAL_Driver/Src/stm32f4xx_hal_uart.o
 .text.UART_SetConfig
                0x00000000080012e8      0x6f8 Drivers/STM32F4xx_HAL_Driver/Src/stm32f4xx_hal_uart.o
 .text.__libc_init_array
                0x00000000080019e0       0x48 c:/st/stm32cubeide_1.5.0/stm32cubeide/plugins/com.st.stm32cube.ide.mcu.externaltools.gnu-tools-for-stm32.7-2018-q2-update.win32_1.5.0.202011040924/tools/bin/../lib/gcc/arm-none-eabi/7.3.1/../../../../arm-none-eabi/lib/thumb/v7e-m/fpv4-sp/hard\libc_nano.a(lib_a-init.o)
                0x00000000080019e0                __libc_init_array
 .text.memset   0x0000000008001a28       0x10 c:/st/stm32cubeide_1.5.0/stm32cubeide/plugins/com.st.stm32cube.ide.mcu.externaltools.gnu-tools-for-stm32.7-2018-q2-update.win32_1.5.0.202011040924/tools/bin/../lib/gcc/arm-none-eabi/7.3.1/../../../../arm-none-eabi/lib/thumb/v7e-m/fpv4-sp/hard\libc_nano.a(lib_a-memset.o)
                0x0000000008001a28                memset
 *(.glue_7)
 .glue_7        0x0000000008001a38        0x0 linker stubs
 *(.glue_7t)
 .glue_7t       0x0000000008001a38        0x0 linker stubs
 *(.eh_frame)
 .eh_frame      0x0000000008001a38        0x0 c:/st/stm32cubeide_1.5.0/stm32cubeide/plugins/com.st.stm32cube.ide.mcu.externaltools.gnu-tools-for-stm32.7-2018-q2-update.win32_1.5.0.202011040924/tools/bin/../lib/gcc/arm-none-eabi/7.3.1/thumb/v7e-m/fpv4-sp/hard/crtbegin.o
 *(.init)
 .init          0x0000000008001a38        0x4 c:/st/stm32cubeide_1.5.0/stm32cubeide/plugins/com.st.stm32cube.ide.mcu.externaltools.gnu-tools-for-stm32.7-2018-q2-update.win32_1.5.0.202011040924/tools/bin/../lib/gcc/arm-none-eabi/7.3.1/thumb/v7e-m/fpv4-sp/hard/crti.o
                0x0000000008001a38                _init
 .init          0x0000000008001a3c        0x8 c:/st/stm32cubeide_1.5.0/stm32cubeide/plugins/com.st.stm32cube.ide.mcu.externaltools.gnu-tools-for-stm32.7-2018-q2-update.win32_1.5.0.202011040924/tools/bin/../lib/gcc/arm-none-eabi/7.3.1/thumb/v7e-m/fpv4-sp/hard/crtn.o
 *(.fini)
 .fini          0x0000000008001a44        0x4 c:/st/stm32cubeide_1.5.0/stm32cubeide/plugins/com.st.stm32cube.ide.mcu.externaltools.gnu-tools-for-stm32.7-2018-q2-update.win32_1.5.0.202011040924/tools/bin/../lib/gcc/arm-none-eabi/7.3.1/thumb/v7e-m/fpv4-sp/hard/crti.o
                0x0000000008001a44                _fini
 .fini          0x0000000008001a48        0x8 c:/st/stm32cubeide_1.5.0/stm32cubeide/plugins/com.st.stm32cube.ide.mcu.externaltools.gnu-tools-for-stm32.7-2018-q2-update.win32_1.5.0.202011040924/tools/bin/../lib/gcc/arm-none-eabi/7.3.1/thumb/v7e-m/fpv4-sp/hard/crtn.o
                0x0000000008001a50                . = ALIGN (0x4)
                0x0000000008001a50                _etext = .

.vfp11_veneer   0x0000000008001a50        0x0
 .vfp11_veneer  0x0000000008001a50        0x0 linker stubs

.v4_bx          0x0000000008001a50        0x0
 .v4_bx         0x0000000008001a50        0x0 linker stubs

.iplt           0x0000000008001a50        0x0
 .iplt          0x0000000008001a50        0x0 c:/st/stm32cubeide_1.5.0/stm32cubeide/plugins/com.st.stm32cube.ide.mcu.externaltools.gnu-tools-for-stm32.7-2018-q2-update.win32_1.5.0.202011040924/tools/bin/../lib/gcc/arm-none-eabi/7.3.1/thumb/v7e-m/fpv4-sp/hard/crtbegin.o

.rodata         0x0000000008001a50        0x8
                0x0000000008001a50                . = ALIGN (0x4)
 *(.rodata)
 *(.rodata*)
 .rodata.APBPrescTable
                0x0000000008001a50        0x8 Core/Src/system_stm32f4xx.o
                0x0000000008001a50                APBPrescTable
                0x0000000008001a58                . = ALIGN (0x4)

.ARM.extab      0x0000000008001a58        0x0
                0x0000000008001a58                . = ALIGN (0x4)
 *(.ARM.extab* .gnu.linkonce.armextab.*)
                0x0000000008001a58                . = ALIGN (0x4)

.ARM            0x0000000008001a58        0x8
                0x0000000008001a58                . = ALIGN (0x4)
                0x0000000008001a58                __exidx_start = .
 *(.ARM.exidx*)
 .ARM.exidx     0x0000000008001a58        0x8 c:/st/stm32cubeide_1.5.0/stm32cubeide/plugins/com.st.stm32cube.ide.mcu.externaltools.gnu-tools-for-stm32.7-2018-q2-update.win32_1.5.0.202011040924/tools/bin/../lib/gcc/arm-none-eabi/7.3.1/thumb/v7e-m/fpv4-sp/hard\libgcc.a(_udivmoddi4.o)
                0x0000000008001a60                __exidx_end = .
                0x0000000008001a60                . = ALIGN (0x4)

.rel.dyn        0x0000000008001a60        0x0
 .rel.iplt      0x0000000008001a60        0x0 c:/st/stm32cubeide_1.5.0/stm32cubeide/plugins/com.st.stm32cube.ide.mcu.externaltools.gnu-tools-for-stm32.7-2018-q2-update.win32_1.5.0.202011040924/tools/bin/../lib/gcc/arm-none-eabi/7.3.1/thumb/v7e-m/fpv4-sp/hard/crtbegin.o

.preinit_array  0x0000000008001a60        0x0
                0x0000000008001a60                . = ALIGN (0x4)
                0x0000000008001a60                PROVIDE (__preinit_array_start = .)
 *(.preinit_array*)
                0x0000000008001a60                PROVIDE (__preinit_array_end = .)
                0x0000000008001a60                . = ALIGN (0x4)

.init_array     0x0000000008001a60        0x4
                0x0000000008001a60                . = ALIGN (0x4)
                0x0000000008001a60                PROVIDE (__init_array_start = .)
 *(SORT_BY_NAME(.init_array.*))
 *(.init_array*)
 .init_array    0x0000000008001a60        0x4 c:/st/stm32cubeide_1.5.0/stm32cubeide/plugins/com.st.stm32cube.ide.mcu.externaltools.gnu-tools-for-stm32.7-2018-q2-update.win32_1.5.0.202011040924/tools/bin/../lib/gcc/arm-none-eabi/7.3.1/thumb/v7e-m/fpv4-sp/hard/crtbegin.o
                0x0000000008001a64                PROVIDE (__init_array_end = .)
                0x0000000008001a64                . = ALIGN (0x4)

.fini_array     0x0000000008001a64        0x4
                0x0000000008001a64                . = ALIGN (0x4)
                [!provide]                        PROVIDE (__fini_array_start = .)
 *(SORT_BY_NAME(.fini_array.*))
 *(.fini_array*)
 .fini_array    0x0000000008001a64        0x4 c:/st/stm32cubeide_1.5.0/stm32cubeide/plugins/com.st.stm32cube.ide.mcu.externaltools.gnu-tools-for-stm32.7-2018-q2-update.win32_1.5.0.202011040924/tools/bin/../lib/gcc/arm-none-eabi/7.3.1/thumb/v7e-m/fpv4-sp/hard/crtbegin.o
                [!provide]                        PROVIDE (__fini_array_end = .)
                0x0000000008001a68                . = ALIGN (0x4)
                0x0000000008001a68                _sidata = LOADADDR (.data)

.data           0x0000000020000000        0xc load address 0x0000000008001a68
                0x0000000020000000                . = ALIGN (0x4)
                0x0000000020000000                _sdata = .
 *(.data)
 *(.data*)
 .data.SystemCoreClock
                0x0000000020000000        0x4 Core/Src/system_stm32f4xx.o
                0x0000000020000000                SystemCoreClock
 .data.uwTickPrio
                0x0000000020000004        0x4 Drivers/STM32F4xx_HAL_Driver/Src/stm32f4xx_hal.o
                0x0000000020000004                uwTickPrio
 .data.uwTickFreq
                0x0000000020000008        0x1 Drivers/STM32F4xx_HAL_Driver/Src/stm32f4xx_hal.o
                0x0000000020000008                uwTickFreq
 *(.RamFunc)
 *(.RamFunc*)
                0x000000002000000c                . = ALIGN (0x4)
 *fill*         0x0000000020000009        0x3 
                0x000000002000000c                _edata = .

.igot.plt       0x000000002000000c        0x0 load address 0x0000000008001a74
 .igot.plt      0x000000002000000c        0x0 c:/st/stm32cubeide_1.5.0/stm32cubeide/plugins/com.st.stm32cube.ide.mcu.externaltools.gnu-tools-for-stm32.7-2018-q2-update.win32_1.5.0.202011040924/tools/bin/../lib/gcc/arm-none-eabi/7.3.1/thumb/v7e-m/fpv4-sp/hard/crtbegin.o
                0x000000002000000c                . = ALIGN (0x4)

.bss            0x000000002000000c       0x80 load address 0x0000000008001a74
                0x000000002000000c                _sbss = .
                0x000000002000000c                __bss_start__ = _sbss
 *(.bss)
 .bss           0x000000002000000c       0x1c c:/st/stm32cubeide_1.5.0/stm32cubeide/plugins/com.st.stm32cube.ide.mcu.externaltools.gnu-tools-for-stm32.7-2018-q2-update.win32_1.5.0.202011040924/tools/bin/../lib/gcc/arm-none-eabi/7.3.1/thumb/v7e-m/fpv4-sp/hard/crtbegin.o
 *(.bss*)
 *(COMMON)
 COMMON         0x0000000020000028       0x1d Core/Src/daly-bms-uart.o
                0x0000000020000028                my_rxBuffer
                0x0000000020000038                my_txBuffer
 *fill*         0x0000000020000045        0x3 
 COMMON         0x0000000020000048       0x40 Core/Src/main.o
                0x0000000020000048                huart2
 COMMON         0x0000000020000088        0x4 Drivers/STM32F4xx_HAL_Driver/Src/stm32f4xx_hal.o
                0x0000000020000088                uwTick
                0x000000002000008c                . = ALIGN (0x4)
                0x000000002000008c                _ebss = .
                0x000000002000008c                __bss_end__ = _ebss

._user_heap_stack
                0x000000002000008c      0x604 load address 0x0000000008001a74
                0x0000000020000090                . = ALIGN (0x8)
 *fill*         0x000000002000008c        0x4 
                [!provide]                        PROVIDE (end = .)
                [!provide]                        PROVIDE (_end = .)
                0x0000000020000290                . = (. + _Min_Heap_Size)
 *fill*         0x0000000020000090      0x200 
                0x0000000020000690                . = (. + _Min_Stack_Size)
 *fill*         0x0000000020000290      0x400 
                0x0000000020000690                . = ALIGN (0x8)

/DISCARD/
 libc.a(*)
 libm.a(*)
 libgcc.a(*)

.ARM.attributes
                0x0000000000000000       0x30
 *(.ARM.attributes)
 .ARM.attributes
                0x0000000000000000       0x22 c:/st/stm32cubeide_1.5.0/stm32cubeide/plugins/com.st.stm32cube.ide.mcu.externaltools.gnu-tools-for-stm32.7-2018-q2-update.win32_1.5.0.202011040924/tools/bin/../lib/gcc/arm-none-eabi/7.3.1/thumb/v7e-m/fpv4-sp/hard/crti.o
 .ARM.attributes
                0x0000000000000022       0x34 c:/st/stm32cubeide_1.5.0/stm32cubeide/plugins/com.st.stm32cube.ide.mcu.externaltools.gnu-tools-for-stm32.7-2018-q2-update.win32_1.5.0.202011040924/tools/bin/../lib/gcc/arm-none-eabi/7.3.1/thumb/v7e-m/fpv4-sp/hard/crtbegin.o
 .ARM.attributes
                0x0000000000000056       0x39 Core/Src/daly-bms-uart.o
 .ARM.attributes
                0x000000000000008f       0x39 Core/Src/it.o
 .ARM.attributes
                0x00000000000000c8       0x39 Core/Src/main.o
 .ARM.attributes
                0x0000000000000101       0x39 Core/Src/msp.o
 .ARM.attributes
                0x000000000000013a       0x39 Core/Src/system_stm32f4xx.o
 .ARM.attributes
                0x0000000000000173       0x21 Core/Startup/startup_stm32f411retx.o
 .ARM.attributes
                0x0000000000000194       0x39 Drivers/STM32F4xx_HAL_Driver/Src/stm32f4xx_hal.o
 .ARM.attributes
                0x00000000000001cd       0x39 Drivers/STM32F4xx_HAL_Driver/Src/stm32f4xx_hal_cortex.o
 .ARM.attributes
                0x0000000000000206       0x39 Drivers/STM32F4xx_HAL_Driver/Src/stm32f4xx_hal_gpio.o
 .ARM.attributes
                0x000000000000023f       0x39 Drivers/STM32F4xx_HAL_Driver/Src/stm32f4xx_hal_rcc.o
 .ARM.attributes
                0x0000000000000278       0x39 Drivers/STM32F4xx_HAL_Driver/Src/stm32f4xx_hal_uart.o
 .ARM.attributes
                0x00000000000002b1       0x34 c:/st/stm32cubeide_1.5.0/stm32cubeide/plugins/com.st.stm32cube.ide.mcu.externaltools.gnu-tools-for-stm32.7-2018-q2-update.win32_1.5.0.202011040924/tools/bin/../lib/gcc/arm-none-eabi/7.3.1/../../../../arm-none-eabi/lib/thumb/v7e-m/fpv4-sp/hard\libc_nano.a(lib_a-init.o)
 .ARM.attributes
                0x00000000000002e5       0x34 c:/st/stm32cubeide_1.5.0/stm32cubeide/plugins/com.st.stm32cube.ide.mcu.externaltools.gnu-tools-for-stm32.7-2018-q2-update.win32_1.5.0.202011040924/tools/bin/../lib/gcc/arm-none-eabi/7.3.1/../../../../arm-none-eabi/lib/thumb/v7e-m/fpv4-sp/hard\libc_nano.a(lib_a-memset.o)
 .ARM.attributes
                0x0000000000000319       0x22 c:/st/stm32cubeide_1.5.0/stm32cubeide/plugins/com.st.stm32cube.ide.mcu.externaltools.gnu-tools-for-stm32.7-2018-q2-update.win32_1.5.0.202011040924/tools/bin/../lib/gcc/arm-none-eabi/7.3.1/thumb/v7e-m/fpv4-sp/hard\libgcc.a(_aeabi_uldivmod.o)
 .ARM.attributes
                0x000000000000033b       0x34 c:/st/stm32cubeide_1.5.0/stm32cubeide/plugins/com.st.stm32cube.ide.mcu.externaltools.gnu-tools-for-stm32.7-2018-q2-update.win32_1.5.0.202011040924/tools/bin/../lib/gcc/arm-none-eabi/7.3.1/thumb/v7e-m/fpv4-sp/hard\libgcc.a(_udivmoddi4.o)
 .ARM.attributes
                0x000000000000036f       0x22 c:/st/stm32cubeide_1.5.0/stm32cubeide/plugins/com.st.stm32cube.ide.mcu.externaltools.gnu-tools-for-stm32.7-2018-q2-update.win32_1.5.0.202011040924/tools/bin/../lib/gcc/arm-none-eabi/7.3.1/thumb/v7e-m/fpv4-sp/hard\libgcc.a(_dvmd_tls.o)
 .ARM.attributes
                0x0000000000000391       0x22 c:/st/stm32cubeide_1.5.0/stm32cubeide/plugins/com.st.stm32cube.ide.mcu.externaltools.gnu-tools-for-stm32.7-2018-q2-update.win32_1.5.0.202011040924/tools/bin/../lib/gcc/arm-none-eabi/7.3.1/thumb/v7e-m/fpv4-sp/hard/crtn.o
OUTPUT(UART2_BMS_communication.elf elf32-littlearm)

.debug_info     0x0000000000000000     0x6ba6
 .debug_info    0x0000000000000000      0xf88 Core/Src/daly-bms-uart.o
 .debug_info    0x0000000000000f88      0x182 Core/Src/it.o
 .debug_info    0x000000000000110a      0xf08 Core/Src/main.o
 .debug_info    0x0000000000002012      0xc42 Core/Src/msp.o
 .debug_info    0x0000000000002c54      0x57e Core/Src/system_stm32f4xx.o
 .debug_info    0x00000000000031d2       0x22 Core/Startup/startup_stm32f411retx.o
 .debug_info    0x00000000000031f4      0x8d5 Drivers/STM32F4xx_HAL_Driver/Src/stm32f4xx_hal.o
 .debug_info    0x0000000000003ac9      0xd98 Drivers/STM32F4xx_HAL_Driver/Src/stm32f4xx_hal_cortex.o
 .debug_info    0x0000000000004861      0x7d7 Drivers/STM32F4xx_HAL_Driver/Src/stm32f4xx_hal_gpio.o
 .debug_info    0x0000000000005038      0x92a Drivers/STM32F4xx_HAL_Driver/Src/stm32f4xx_hal_rcc.o
 .debug_info    0x0000000000005962     0x1244 Drivers/STM32F4xx_HAL_Driver/Src/stm32f4xx_hal_uart.o

.debug_abbrev   0x0000000000000000     0x12f2
 .debug_abbrev  0x0000000000000000      0x21b Core/Src/daly-bms-uart.o
 .debug_abbrev  0x000000000000021b       0xae Core/Src/it.o
 .debug_abbrev  0x00000000000002c9      0x20c Core/Src/main.o
 .debug_abbrev  0x00000000000004d5      0x195 Core/Src/msp.o
 .debug_abbrev  0x000000000000066a      0x12b Core/Src/system_stm32f4xx.o
 .debug_abbrev  0x0000000000000795       0x12 Core/Startup/startup_stm32f411retx.o
 .debug_abbrev  0x00000000000007a7      0x1f2 Drivers/STM32F4xx_HAL_Driver/Src/stm32f4xx_hal.o
 .debug_abbrev  0x0000000000000999      0x2fa Drivers/STM32F4xx_HAL_Driver/Src/stm32f4xx_hal_cortex.o
 .debug_abbrev  0x0000000000000c93      0x1c9 Drivers/STM32F4xx_HAL_Driver/Src/stm32f4xx_hal_gpio.o
 .debug_abbrev  0x0000000000000e5c      0x245 Drivers/STM32F4xx_HAL_Driver/Src/stm32f4xx_hal_rcc.o
 .debug_abbrev  0x00000000000010a1      0x251 Drivers/STM32F4xx_HAL_Driver/Src/stm32f4xx_hal_uart.o

.debug_aranges  0x0000000000000000      0x5c8
 .debug_aranges
                0x0000000000000000       0x40 Core/Src/daly-bms-uart.o
 .debug_aranges
                0x0000000000000040       0x20 Core/Src/it.o
 .debug_aranges
                0x0000000000000060       0x38 Core/Src/main.o
 .debug_aranges
                0x0000000000000098       0x28 Core/Src/msp.o
 .debug_aranges
                0x00000000000000c0       0x28 Core/Src/system_stm32f4xx.o
 .debug_aranges
                0x00000000000000e8       0x28 Core/Startup/startup_stm32f411retx.o
 .debug_aranges
                0x0000000000000110       0xf0 Drivers/STM32F4xx_HAL_Driver/Src/stm32f4xx_hal.o
 .debug_aranges
                0x0000000000000200      0x118 Drivers/STM32F4xx_HAL_Driver/Src/stm32f4xx_hal_cortex.o
 .debug_aranges
                0x0000000000000318       0x58 Drivers/STM32F4xx_HAL_Driver/Src/stm32f4xx_hal_gpio.o
 .debug_aranges
                0x0000000000000370       0x88 Drivers/STM32F4xx_HAL_Driver/Src/stm32f4xx_hal_rcc.o
 .debug_aranges
                0x00000000000003f8      0x1d0 Drivers/STM32F4xx_HAL_Driver/Src/stm32f4xx_hal_uart.o

.debug_ranges   0x0000000000000000      0x520
 .debug_ranges  0x0000000000000000       0x30 Core/Src/daly-bms-uart.o
 .debug_ranges  0x0000000000000030       0x10 Core/Src/it.o
 .debug_ranges  0x0000000000000040       0x28 Core/Src/main.o
 .debug_ranges  0x0000000000000068       0x18 Core/Src/msp.o
 .debug_ranges  0x0000000000000080       0x18 Core/Src/system_stm32f4xx.o
 .debug_ranges  0x0000000000000098       0x20 Core/Startup/startup_stm32f411retx.o
 .debug_ranges  0x00000000000000b8       0xe0 Drivers/STM32F4xx_HAL_Driver/Src/stm32f4xx_hal.o
 .debug_ranges  0x0000000000000198      0x108 Drivers/STM32F4xx_HAL_Driver/Src/stm32f4xx_hal_cortex.o
 .debug_ranges  0x00000000000002a0       0x48 Drivers/STM32F4xx_HAL_Driver/Src/stm32f4xx_hal_gpio.o
 .debug_ranges  0x00000000000002e8       0x78 Drivers/STM32F4xx_HAL_Driver/Src/stm32f4xx_hal_rcc.o
 .debug_ranges  0x0000000000000360      0x1c0 Drivers/STM32F4xx_HAL_Driver/Src/stm32f4xx_hal_uart.o

.debug_macro    0x0000000000000000    0x152e4
 .debug_macro   0x0000000000000000      0x28c Core/Src/daly-bms-uart.o
 .debug_macro   0x000000000000028c      0xa5a Core/Src/daly-bms-uart.o
 .debug_macro   0x0000000000000ce6       0x22 Core/Src/daly-bms-uart.o
 .debug_macro   0x0000000000000d08       0x40 Core/Src/daly-bms-uart.o
 .debug_macro   0x0000000000000d48       0x18 Core/Src/daly-bms-uart.o
 .debug_macro   0x0000000000000d60       0x94 Core/Src/daly-bms-uart.o
 .debug_macro   0x0000000000000df4       0x3c Core/Src/daly-bms-uart.o
 .debug_macro   0x0000000000000e30       0x34 Core/Src/daly-bms-uart.o
 .debug_macro   0x0000000000000e64      0x174 Core/Src/daly-bms-uart.o
 .debug_macro   0x0000000000000fd8       0x57 Core/Src/daly-bms-uart.o
 .debug_macro   0x000000000000102f       0x52 Core/Src/daly-bms-uart.o
 .debug_macro   0x0000000000001081       0x1f Core/Src/daly-bms-uart.o
 .debug_macro   0x00000000000010a0       0x43 Core/Src/daly-bms-uart.o
 .debug_macro   0x00000000000010e3       0x20 Core/Src/daly-bms-uart.o
 .debug_macro   0x0000000000001103      0x1a3 Core/Src/daly-bms-uart.o
 .debug_macro   0x00000000000012a6      0x330 Core/Src/daly-bms-uart.o
 .debug_macro   0x00000000000015d6       0x10 Core/Src/daly-bms-uart.o
 .debug_macro   0x00000000000015e6       0x35 Core/Src/daly-bms-uart.o
 .debug_macro   0x000000000000161b       0x20 Core/Src/daly-bms-uart.o
 .debug_macro   0x000000000000163b      0x28e Core/Src/daly-bms-uart.o
 .debug_macro   0x00000000000018c9       0x2e Core/Src/daly-bms-uart.o
 .debug_macro   0x00000000000018f7       0x28 Core/Src/daly-bms-uart.o
 .debug_macro   0x000000000000191f       0xef Core/Src/daly-bms-uart.o
 .debug_macro   0x0000000000001a0e       0x6a Core/Src/daly-bms-uart.o
 .debug_macro   0x0000000000001a78      0x1df Core/Src/daly-bms-uart.o
 .debug_macro   0x0000000000001c57       0x1c Core/Src/daly-bms-uart.o
 .debug_macro   0x0000000000001c73       0x22 Core/Src/daly-bms-uart.o
 .debug_macro   0x0000000000001c95       0xd9 Core/Src/daly-bms-uart.o
 .debug_macro   0x0000000000001d6e     0x102d Core/Src/daly-bms-uart.o
 .debug_macro   0x0000000000002d9b      0x11f Core/Src/daly-bms-uart.o
 .debug_macro   0x0000000000002eba     0xb937 Core/Src/daly-bms-uart.o
 .debug_macro   0x000000000000e7f1       0x43 Core/Src/daly-bms-uart.o
 .debug_macro   0x000000000000e834     0x3659 Core/Src/daly-bms-uart.o
 .debug_macro   0x0000000000011e8d       0x54 Core/Src/daly-bms-uart.o
 .debug_macro   0x0000000000011ee1      0x447 Core/Src/daly-bms-uart.o
 .debug_macro   0x0000000000012328      0x9fe Core/Src/daly-bms-uart.o
 .debug_macro   0x0000000000012d26      0x117 Core/Src/daly-bms-uart.o
 .debug_macro   0x0000000000012e3d      0x11b Core/Src/daly-bms-uart.o
 .debug_macro   0x0000000000012f58       0x27 Core/Src/daly-bms-uart.o
 .debug_macro   0x0000000000012f7f      0x15f Core/Src/daly-bms-uart.o
 .debug_macro   0x00000000000130de      0x287 Core/Src/daly-bms-uart.o
 .debug_macro   0x0000000000013365       0x5f Core/Src/daly-bms-uart.o
 .debug_macro   0x00000000000133c4      0x236 Core/Src/daly-bms-uart.o
 .debug_macro   0x00000000000135fa      0x132 Core/Src/daly-bms-uart.o
 .debug_macro   0x000000000001372c      0x264 Core/Src/daly-bms-uart.o
 .debug_macro   0x0000000000013990       0x2e Core/Src/daly-bms-uart.o
 .debug_macro   0x00000000000139be      0x11a Core/Src/daly-bms-uart.o
 .debug_macro   0x0000000000013ad8       0x85 Core/Src/daly-bms-uart.o
 .debug_macro   0x0000000000013b5d       0x89 Core/Src/daly-bms-uart.o
 .debug_macro   0x0000000000013be6      0x287 Core/Src/daly-bms-uart.o
 .debug_macro   0x0000000000013e6d      0x126 Core/Src/daly-bms-uart.o
 .debug_macro   0x0000000000013f93       0x10 Core/Src/daly-bms-uart.o
 .debug_macro   0x0000000000013fa3      0x1ba Core/Src/it.o
 .debug_macro   0x000000000001415d       0x8e Core/Src/it.o
 .debug_macro   0x00000000000141eb       0x51 Core/Src/it.o
 .debug_macro   0x000000000001423c       0xdf Core/Src/it.o
 .debug_macro   0x000000000001431b       0x5a Core/Src/it.o
 .debug_macro   0x0000000000014375      0x298 Core/Src/main.o
 .debug_macro   0x000000000001460d      0x1ba Core/Src/msp.o
 .debug_macro   0x00000000000147c7      0x1c0 Core/Src/system_stm32f4xx.o
 .debug_macro   0x0000000000014987      0x21a Drivers/STM32F4xx_HAL_Driver/Src/stm32f4xx_hal.o
 .debug_macro   0x0000000000014ba1      0x1ba Drivers/STM32F4xx_HAL_Driver/Src/stm32f4xx_hal_cortex.o
 .debug_macro   0x0000000000014d5b      0x1f0 Drivers/STM32F4xx_HAL_Driver/Src/stm32f4xx_hal_gpio.o
 .debug_macro   0x0000000000014f4b      0x1de Drivers/STM32F4xx_HAL_Driver/Src/stm32f4xx_hal_rcc.o
 .debug_macro   0x0000000000015129      0x1bb Drivers/STM32F4xx_HAL_Driver/Src/stm32f4xx_hal_uart.o

.debug_line     0x0000000000000000     0x580b
 .debug_line    0x0000000000000000      0x85d Core/Src/daly-bms-uart.o
 .debug_line    0x000000000000085d      0x676 Core/Src/it.o
 .debug_line    0x0000000000000ed3      0x85c Core/Src/main.o
 .debug_line    0x000000000000172f      0x696 Core/Src/msp.o
 .debug_line    0x0000000000001dc5      0x6ab Core/Src/system_stm32f4xx.o
 .debug_line    0x0000000000002470       0x85 Core/Startup/startup_stm32f411retx.o
 .debug_line    0x00000000000024f5      0x895 Drivers/STM32F4xx_HAL_Driver/Src/stm32f4xx_hal.o
 .debug_line    0x0000000000002d8a      0x9b9 Drivers/STM32F4xx_HAL_Driver/Src/stm32f4xx_hal_cortex.o
 .debug_line    0x0000000000003743      0x838 Drivers/STM32F4xx_HAL_Driver/Src/stm32f4xx_hal_gpio.o
 .debug_line    0x0000000000003f7b      0x8ed Drivers/STM32F4xx_HAL_Driver/Src/stm32f4xx_hal_rcc.o
 .debug_line    0x0000000000004868      0xfa3 Drivers/STM32F4xx_HAL_Driver/Src/stm32f4xx_hal_uart.o

.debug_str      0x0000000000000000    0x83e0f
 .debug_str     0x0000000000000000    0x8229d Core/Src/daly-bms-uart.o
                                      0x825d0 (size before relaxing)
 .debug_str     0x000000000008229d       0x36 Core/Src/it.o
                                      0x7f09d (size before relaxing)
 .debug_str     0x00000000000822d3       0xa2 Core/Src/main.o
                                      0x8252b (size before relaxing)
 .debug_str     0x0000000000082375      0x5f5 Core/Src/msp.o
                                      0x7fa19 (size before relaxing)
 .debug_str     0x000000000008296a       0x70 Core/Src/system_stm32f4xx.o
                                      0x7f245 (size before relaxing)
 .debug_str     0x00000000000829da       0x36 Core/Startup/startup_stm32f411retx.o
                                         0xa4 (size before relaxing)
 .debug_str     0x0000000000082a10      0x58d Drivers/STM32F4xx_HAL_Driver/Src/stm32f4xx_hal.o
                                      0x7fbba (size before relaxing)
 .debug_str     0x0000000000082f9d      0x392 Drivers/STM32F4xx_HAL_Driver/Src/stm32f4xx_hal_cortex.o
                                      0x7f997 (size before relaxing)
 .debug_str     0x000000000008332f      0x228 Drivers/STM32F4xx_HAL_Driver/Src/stm32f4xx_hal_gpio.o
                                      0x7f484 (size before relaxing)
 .debug_str     0x0000000000083557      0x37e Drivers/STM32F4xx_HAL_Driver/Src/stm32f4xx_hal_rcc.o
                                      0x7f632 (size before relaxing)
 .debug_str     0x00000000000838d5      0x53a Drivers/STM32F4xx_HAL_Driver/Src/stm32f4xx_hal_uart.o
                                      0x7fa7f (size before relaxing)

.comment        0x0000000000000000       0x7b
 .comment       0x0000000000000000       0x7b Core/Src/daly-bms-uart.o
                                         0x7c (size before relaxing)
 .comment       0x000000000000007b       0x7c Core/Src/it.o
 .comment       0x000000000000007b       0x7c Core/Src/main.o
 .comment       0x000000000000007b       0x7c Core/Src/msp.o
 .comment       0x000000000000007b       0x7c Core/Src/system_stm32f4xx.o
 .comment       0x000000000000007b       0x7c Drivers/STM32F4xx_HAL_Driver/Src/stm32f4xx_hal.o
 .comment       0x000000000000007b       0x7c Drivers/STM32F4xx_HAL_Driver/Src/stm32f4xx_hal_cortex.o
 .comment       0x000000000000007b       0x7c Drivers/STM32F4xx_HAL_Driver/Src/stm32f4xx_hal_gpio.o
 .comment       0x000000000000007b       0x7c Drivers/STM32F4xx_HAL_Driver/Src/stm32f4xx_hal_rcc.o
 .comment       0x000000000000007b       0x7c Drivers/STM32F4xx_HAL_Driver/Src/stm32f4xx_hal_uart.o

.debug_frame    0x0000000000000000     0x1650
 .debug_frame   0x0000000000000000       0xc0 Core/Src/daly-bms-uart.o
 .debug_frame   0x00000000000000c0       0x2c Core/Src/it.o
 .debug_frame   0x00000000000000ec       0x84 Core/Src/main.o
 .debug_frame   0x0000000000000170       0x50 Core/Src/msp.o
 .debug_frame   0x00000000000001c0       0x58 Core/Src/system_stm32f4xx.o
 .debug_frame   0x0000000000000218      0x374 Drivers/STM32F4xx_HAL_Driver/Src/stm32f4xx_hal.o
 .debug_frame   0x000000000000058c      0x498 Drivers/STM32F4xx_HAL_Driver/Src/stm32f4xx_hal_cortex.o
 .debug_frame   0x0000000000000a24      0x14c Drivers/STM32F4xx_HAL_Driver/Src/stm32f4xx_hal_gpio.o
 .debug_frame   0x0000000000000b70      0x1f0 Drivers/STM32F4xx_HAL_Driver/Src/stm32f4xx_hal_rcc.o
 .debug_frame   0x0000000000000d60      0x844 Drivers/STM32F4xx_HAL_Driver/Src/stm32f4xx_hal_uart.o
 .debug_frame   0x00000000000015a4       0x2c c:/st/stm32cubeide_1.5.0/stm32cubeide/plugins/com.st.stm32cube.ide.mcu.externaltools.gnu-tools-for-stm32.7-2018-q2-update.win32_1.5.0.202011040924/tools/bin/../lib/gcc/arm-none-eabi/7.3.1/../../../../arm-none-eabi/lib/thumb/v7e-m/fpv4-sp/hard\libc_nano.a(lib_a-init.o)
 .debug_frame   0x00000000000015d0       0x20 c:/st/stm32cubeide_1.5.0/stm32cubeide/plugins/com.st.stm32cube.ide.mcu.externaltools.gnu-tools-for-stm32.7-2018-q2-update.win32_1.5.0.202011040924/tools/bin/../lib/gcc/arm-none-eabi/7.3.1/../../../../arm-none-eabi/lib/thumb/v7e-m/fpv4-sp/hard\libc_nano.a(lib_a-memset.o)
 .debug_frame   0x00000000000015f0       0x2c c:/st/stm32cubeide_1.5.0/stm32cubeide/plugins/com.st.stm32cube.ide.mcu.externaltools.gnu-tools-for-stm32.7-2018-q2-update.win32_1.5.0.202011040924/tools/bin/../lib/gcc/arm-none-eabi/7.3.1/thumb/v7e-m/fpv4-sp/hard\libgcc.a(_aeabi_uldivmod.o)
 .debug_frame   0x000000000000161c       0x34 c:/st/stm32cubeide_1.5.0/stm32cubeide/plugins/com.st.stm32cube.ide.mcu.externaltools.gnu-tools-for-stm32.7-2018-q2-update.win32_1.5.0.202011040924/tools/bin/../lib/gcc/arm-none-eabi/7.3.1/thumb/v7e-m/fpv4-sp/hard\libgcc.a(_udivmoddi4.o)
